[SIM] 1000 runs | XAUUSD | 1y | workers=12
[SIM] 5695 H1 bars → 1424 H4 | skip=4 ticks=100
[SIM] 100/1000 done (89.4s)
[SIM] 200/1000 done (172.4s)
[SIM] 300/1000 done (264.5s)
[SIM] 400/1000 done (347.7s)
[SIM] 500/1000 done (423.7s)
[SIM] 600/1000 done (502.7s)
[SIM] 700/1000 done (584.5s)
[SIM] 800/1000 done (660.7s)
[SIM] 900/1000 done (740.2s)
[SIM] 1000/1000 done (816.8s)
[SIM] All 1000/1000 done in 817.3s

============================================================
FORWARD SIMULATION — 1000 RUNS
============================================================
{
  "symbol": "XAUUSD",
  "n_runs": 1000,
  "period": "1y",
  "h1_bars": 5695,
  "h4_bars": 1424,
  "skip": 4,
  "ticks_per_bar": 100,
  "workers": 12,
  "total_time_sec": 817.27,
  "profitable_runs": 826,
  "profitable_pct": 82.6,
  "return_pct": {
    "mean": 469.1152094772122,
    "median": 433.8426719631316,
    "min": -942.2885031440129,
    "max": 3549.3402572445034,
    "std": 511.9883948551154,
    "p5": -310.67938670609385,
    "p95": 1355.2048513185086
  },
  "win_rate": {
    "mean": 39.8693379240311,
    "median": 40.0,
    "min": 20.33898305084746,
    "max": 58.490566037735846,
    "std": 5.8928601279550215,
    "p5": 30.0,
    "p95": 49.2063492063492
  },
  "max_drawdown_pct": {
    "mean": 78.3271168659973,
    "median": 49.273014361224185,
    "min": 4.380056818384881,
    "max": 888.9235973391214,
    "std": 90.44629281414069,
    "p5": 12.771970309257874,
    "p95": 235.9451996816354
  },
  "profit_factor": {
    "mean": 1.5266940956790895,
    "median": 1.457457657379193,
    "min": 0.3617505981156167,
    "max": 5.308817047332539,
    "std": 0.571610106998375,
    "p5": 0.7626691913548325,
    "p95": 2.5767810928321513
  },
  "expectancy_usd": {
    "mean": 8.633578155564926,
    "median": 8.184066935384672,
    "min": -17.62226178985743,
    "max": 55.6765825270708,
    "std": 9.260394695074673,
    "p5": -5.805350985366214,
    "p95": 24.850364969241664
  },
  "trades_per_run": {
    "mean": 54.593,
    "median": 54.0,
    "min": 30,
    "max": 78,
    "std": 7.4058218448189255,
    "p5": 42,
    "p95": 67
  },
  "commission_per_run": {
    "mean": 5.998147351055934,
    "median": 5.8462538646487925,
    "min": 3.0556491718216123,
    "max": 13.961024488028627,
    "std": 1.160257493995279,
    "p5": 4.4,
    "p95": 8.053660616644104
  }
}
============================================================
Files: /Users/yuhfriendchris/Omni-full-ALGO-Trading-Bot/python/forward_sim_1000_summary.json
       /Users/yuhfriendchris/Omni-full-ALGO-Trading-Bot/python/forward_sim_1000_runs.csv
